current directory: /app/vendor/bundle/ruby/3.4.0/gems/strscan-3.1.8/ext/strscan
/usr/local/bin/ruby extconf.rb
checking for onig_region_memsize(NULL)... *** extconf.rb failed ***
Could not create Makefile due to some reason, probably lack of necessary
libraries and/or headers.  Check the mkmf.log file for more details.  You may
need configuration options.

Provided configuration options:
	--with-opt-dir
	--without-opt-dir
	--with-opt-include=${opt-dir}/include
	--without-opt-include
	--with-opt-lib=${opt-dir}/lib
	--without-opt-lib
	--with-make-prog
	--without-make-prog
	--srcdir=.
	--curdir
	--ruby=/usr/local/bin/$(RUBY_BASE_NAME)
/usr/local/lib/ruby/3.4.0/mkmf.rb:348:in 'IO#write': No such file or directory @ rb_sys_fail_on_write - mkmftmp1.log (Errno::ENOENT)
	from /usr/local/lib/ruby/3.4.0/mkmf.rb:348:in 'IO#printf'
	from /usr/local/lib/ruby/3.4.0/mkmf.rb:348:in 'MakeMakefile::Logging.message'
	from /usr/local/lib/ruby/3.4.0/mkmf.rb:476:in 'MakeMakefile#log_src'
	from /usr/local/lib/ruby/3.4.0/mkmf.rb:537:in 'MakeMakefile#try_do'
	from /usr/local/lib/ruby/3.4.0/mkmf.rb:621:in 'MakeMakefile#try_link0'
	from /usr/local/lib/ruby/3.4.0/mkmf.rb:639:in 'MakeMakefile#try_link'
	from /usr/local/lib/ruby/3.4.0/mkmf.rb:521:in 'MakeMakefile#have_devel?'
	from /usr/local/lib/ruby/3.4.0/mkmf.rb:527:in 'MakeMakefile#try_do'
	from /usr/local/lib/ruby/3.4.0/mkmf.rb:621:in 'MakeMakefile#try_link0'
	from /usr/local/lib/ruby/3.4.0/mkmf.rb:639:in 'MakeMakefile#try_link'
	from /usr/local/lib/ruby/3.4.0/mkmf.rb:888:in 'MakeMakefile#try_func'
	from /usr/local/lib/ruby/3.4.0/mkmf.rb:1201:in 'block in MakeMakefile#have_func'
	from /usr/local/lib/ruby/3.4.0/mkmf.rb:1070:in 'block in MakeMakefile#checking_for'
	from /usr/local/lib/ruby/3.4.0/mkmf.rb:370:in 'block (2 levels) in MakeMakefile::Logging.postpone'
	from /usr/local/lib/ruby/3.4.0/mkmf.rb:340:in 'MakeMakefile::Logging.open'
	from /usr/local/lib/ruby/3.4.0/mkmf.rb:370:in 'block in MakeMakefile::Logging.postpone'
	from /usr/local/lib/ruby/3.4.0/mkmf.rb:340:in 'MakeMakefile::Logging.open'
	from /usr/local/lib/ruby/3.4.0/mkmf.rb:366:in 'MakeMakefile::Logging.postpone'
	from /usr/local/lib/ruby/3.4.0/mkmf.rb:1069:in 'MakeMakefile#checking_for'
	from /usr/local/lib/ruby/3.4.0/mkmf.rb:1200:in 'MakeMakefile#have_func'
	from extconf.rb:5:in '<main>'

extconf failed, exit code 1
