current directory: /app/vendor/bundle/ruby/3.4.0/gems/brotli-0.8.0/ext/brotli
/usr/local/bin/ruby extconf.rb
checking for rb_gc_mark_movable()... yes
checking for brotli/decode.h... yes
checking for brotli/encode.h... yes
checking for pkg-config for libbrotlicommon... [" ", "", "-lbrotlicommon"]
checking for pkg-config for libbrotlidec... [" ", "", "-lbrotlidec"]
checking for pkg-config for libbrotlienc... [" ", "", "-lbrotlienc"]
checking for brotli/shared_dictionary.h... yes
checking for BrotliEncoderPrepareDictionary() in brotli/encode.h... yes
checking for BrotliEncoderAttachPreparedDictionary() in brotli/encode.h... yes
checking for BrotliDecoderAttachDictionary() in brotli/decode.h... *** extconf.rb failed ***
Could not create Makefile due to some reason, probably lack of necessary
libraries and/or headers.  Check the mkmf.log file for more details.  You may
need configuration options.

Provided configuration options:
	--with-opt-dir
	--without-opt-dir
	--with-opt-include=${opt-dir}/include
	--without-opt-include
	--with-opt-lib=${opt-dir}/lib
	--without-opt-lib
	--with-make-prog
	--without-make-prog
	--srcdir=.
	--curdir
	--ruby=/usr/local/bin/$(RUBY_BASE_NAME)
	--with-brotli-dir
	--without-brotli-dir
	--with-brotli-include=${brotli-dir}/include
	--without-brotli-include
	--with-brotli-lib=${brotli-dir}/lib
	--without-brotli-lib
	--with-libbrotlicommon-dir
	--without-libbrotlicommon-dir
	--with-libbrotlicommon-include=${libbrotlicommon-dir}/include
	--without-libbrotlicommon-include
	--with-libbrotlicommon-lib=${libbrotlicommon-dir}/lib
	--without-libbrotlicommon-lib
	--with-libbrotlicommon-config
	--without-libbrotlicommon-config
	--with-pkg-config
	--without-pkg-config
	--with-libbrotlidec-dir
	--without-libbrotlidec-dir
	--with-libbrotlidec-include=${libbrotlidec-dir}/include
	--without-libbrotlidec-include
	--with-libbrotlidec-lib=${libbrotlidec-dir}/lib
	--without-libbrotlidec-lib
	--with-libbrotlidec-config
	--without-libbrotlidec-config
	--with-libbrotlienc-dir
	--without-libbrotlienc-dir
	--with-libbrotlienc-include=${libbrotlienc-dir}/include
	--without-libbrotlienc-include
	--with-libbrotlienc-lib=${libbrotlienc-dir}/lib
	--without-libbrotlienc-lib
	--with-libbrotlienc-config
	--without-libbrotlienc-config
/usr/local/lib/ruby/3.4.0/mkmf.rb:348:in 'IO#write': No such file or directory @ rb_sys_fail_on_write - mkmftmp1.log (Errno::ENOENT)
	from /usr/local/lib/ruby/3.4.0/mkmf.rb:348:in 'IO#printf'
	from /usr/local/lib/ruby/3.4.0/mkmf.rb:348:in 'MakeMakefile::Logging.message'
	from /usr/local/lib/ruby/3.4.0/mkmf.rb:476:in 'MakeMakefile#log_src'
	from /usr/local/lib/ruby/3.4.0/mkmf.rb:537:in 'MakeMakefile#try_do'
	from /usr/local/lib/ruby/3.4.0/mkmf.rb:621:in 'MakeMakefile#try_link0'
	from /usr/local/lib/ruby/3.4.0/mkmf.rb:639:in 'MakeMakefile#try_link'
	from /usr/local/lib/ruby/3.4.0/mkmf.rb:881:in 'MakeMakefile#try_func'
	from /usr/local/lib/ruby/3.4.0/mkmf.rb:1201:in 'block in MakeMakefile#have_func'
	from /usr/local/lib/ruby/3.4.0/mkmf.rb:1070:in 'block in MakeMakefile#checking_for'
	from /usr/local/lib/ruby/3.4.0/mkmf.rb:370:in 'block (2 levels) in MakeMakefile::Logging.postpone'
	from /usr/local/lib/ruby/3.4.0/mkmf.rb:340:in 'MakeMakefile::Logging.open'
	from /usr/local/lib/ruby/3.4.0/mkmf.rb:370:in 'block in MakeMakefile::Logging.postpone'
	from /usr/local/lib/ruby/3.4.0/mkmf.rb:340:in 'MakeMakefile::Logging.open'
	from /usr/local/lib/ruby/3.4.0/mkmf.rb:366:in 'MakeMakefile::Logging.postpone'
	from /usr/local/lib/ruby/3.4.0/mkmf.rb:1069:in 'MakeMakefile#checking_for'
	from /usr/local/lib/ruby/3.4.0/mkmf.rb:1200:in 'MakeMakefile#have_func'
	from extconf.rb:20:in '<main>'

extconf failed, exit code 1
