have_func: checking for rb_gc_mark_movable()... -------------------- yes

LD_LIBRARY_PATH=.:/usr/local/lib ASAN_OPTIONS=detect_leaks=0 "gcc -o conftest -I/usr/local/include/ruby-3.4.0/aarch64-linux -I/usr/local/include/ruby-3.4.0/ruby/backward -I/usr/local/include/ruby-3.4.0 -I.    -mbranch-protection=pac-ret -fstack-protector-strong -U_FORTIFY_SOURCE -D_FORTIFY_SOURCE=2  -O3 -fno-fast-math -ggdb3 -Wall -Wextra -Wdeprecated-declarations -Wdiv-by-zero -Wduplicated-cond -Wimplicit-function-declaration -Wimplicit-int -Wpointer-arith -Wwrite-strings -Wold-style-definition -Wimplicit-fallthrough=0 -Wmissing-noreturn -Wno-cast-function-type -Wno-constant-logical-operand -Wno-long-long -Wno-missing-field-initializers -Wno-overlength-strings -Wno-packed-bitfield-compat -Wno-parentheses-equality -Wno-self-assign -Wno-tautological-compare -Wno-unused-parameter -Wno-unused-value -Wsuggest-attribute=format -Wsuggest-attribute=noreturn -Wunused-variable -Wmisleading-indentation -Wundef  -fPIC conftest.c -L. -L/usr/local/lib -Wl,-rpath,/usr/local/lib -L. -fstack-protector-strong -rdynamic -Wl,-export-dynamic -Wl,--no-as-needed     -Wl,-rpath,/usr/local/lib -L/usr/local/lib -lruby  -lm -lpthread  -lc"
checked program was:
/* begin */
1: #include "ruby.h"
2: 
3: int main(int argc, char **argv)
4: {
5:   return !!argv[argc];
6: }
/* end */

LD_LIBRARY_PATH=.:/usr/local/lib ASAN_OPTIONS=detect_leaks=0 "gcc -o conftest -I/usr/local/include/ruby-3.4.0/aarch64-linux -I/usr/local/include/ruby-3.4.0/ruby/backward -I/usr/local/include/ruby-3.4.0 -I.    -mbranch-protection=pac-ret -fstack-protector-strong -U_FORTIFY_SOURCE -D_FORTIFY_SOURCE=2  -O3 -fno-fast-math -ggdb3 -Wall -Wextra -Wdeprecated-declarations -Wdiv-by-zero -Wduplicated-cond -Wimplicit-function-declaration -Wimplicit-int -Wpointer-arith -Wwrite-strings -Wold-style-definition -Wimplicit-fallthrough=0 -Wmissing-noreturn -Wno-cast-function-type -Wno-constant-logical-operand -Wno-long-long -Wno-missing-field-initializers -Wno-overlength-strings -Wno-packed-bitfield-compat -Wno-parentheses-equality -Wno-self-assign -Wno-tautological-compare -Wno-unused-parameter -Wno-unused-value -Wsuggest-attribute=format -Wsuggest-attribute=noreturn -Wunused-variable -Wmisleading-indentation -Wundef  -fPIC conftest.c -L. -L/usr/local/lib -Wl,-rpath,/usr/local/lib -L. -fstack-protector-strong -rdynamic -Wl,-export-dynamic -Wl,--no-as-needed     -Wl,-rpath,/usr/local/lib -L/usr/local/lib -lruby  -lm -lpthread  -lc"
checked program was:
/* begin */
 1: #include "ruby.h"
 2: 
 3: /*top*/
 4: extern int t(void);
 5: int main(int argc, char **argv)
 6: {
 7:   if (argc > 1000000) {
 8:     int (* volatile tp)(void)=(int (*)(void))&t;
 9:     printf("%d", (*tp)());
10:   }
11: 
12:   return !!argv[argc];
13: }
14: int t(void) { void ((*volatile p)()); p = (void ((*)()))rb_gc_mark_movable; return !p; }
/* end */

--------------------

have_header: checking for brotli/decode.h... -------------------- yes

LD_LIBRARY_PATH=.:/usr/local/lib ASAN_OPTIONS=detect_leaks=0 "gcc -I/usr/local/include/ruby-3.4.0/aarch64-linux -I/usr/local/include/ruby-3.4.0/ruby/backward -I/usr/local/include/ruby-3.4.0 -I.    -mbranch-protection=pac-ret -fstack-protector-strong -U_FORTIFY_SOURCE -D_FORTIFY_SOURCE=2  -O3 -fno-fast-math -ggdb3 -Wall -Wextra -Wdeprecated-declarations -Wdiv-by-zero -Wduplicated-cond -Wimplicit-function-declaration -Wimplicit-int -Wpointer-arith -Wwrite-strings -Wold-style-definition -Wimplicit-fallthrough=0 -Wmissing-noreturn -Wno-cast-function-type -Wno-constant-logical-operand -Wno-long-long -Wno-missing-field-initializers -Wno-overlength-strings -Wno-packed-bitfield-compat -Wno-parentheses-equality -Wno-self-assign -Wno-tautological-compare -Wno-unused-parameter -Wno-unused-value -Wsuggest-attribute=format -Wsuggest-attribute=noreturn -Wunused-variable -Wmisleading-indentation -Wundef  -fPIC   -c conftest.c"
checked program was:
/* begin */
1: #include "ruby.h"
2: 
3: #include <brotli/decode.h>
/* end */

--------------------

have_header: checking for brotli/encode.h... -------------------- yes

LD_LIBRARY_PATH=.:/usr/local/lib ASAN_OPTIONS=detect_leaks=0 "gcc -I/usr/local/include/ruby-3.4.0/aarch64-linux -I/usr/local/include/ruby-3.4.0/ruby/backward -I/usr/local/include/ruby-3.4.0 -I.    -mbranch-protection=pac-ret -fstack-protector-strong -U_FORTIFY_SOURCE -D_FORTIFY_SOURCE=2  -O3 -fno-fast-math -ggdb3 -Wall -Wextra -Wdeprecated-declarations -Wdiv-by-zero -Wduplicated-cond -Wimplicit-function-declaration -Wimplicit-int -Wpointer-arith -Wwrite-strings -Wold-style-definition -Wimplicit-fallthrough=0 -Wmissing-noreturn -Wno-cast-function-type -Wno-constant-logical-operand -Wno-long-long -Wno-missing-field-initializers -Wno-overlength-strings -Wno-packed-bitfield-compat -Wno-parentheses-equality -Wno-self-assign -Wno-tautological-compare -Wno-unused-parameter -Wno-unused-value -Wsuggest-attribute=format -Wsuggest-attribute=noreturn -Wunused-variable -Wmisleading-indentation -Wundef  -fPIC   -c conftest.c"
checked program was:
/* begin */
1: #include "ruby.h"
2: 
3: #include <brotli/encode.h>
/* end */

--------------------

pkg_config: checking for pkg-config for libbrotlicommon... -------------------- [" ", "", "-lbrotlicommon"]

LD_LIBRARY_PATH=.:/usr/local/lib ASAN_OPTIONS=detect_leaks=0 pkg-config --exists libbrotlicommon
LD_LIBRARY_PATH=.:/usr/local/lib ASAN_OPTIONS=detect_leaks=0 pkg-config --libs libbrotlicommon |
=> "-lbrotlicommon \n"
LD_LIBRARY_PATH=.:/usr/local/lib ASAN_OPTIONS=detect_leaks=0 "gcc -o conftest -I/usr/local/include/ruby-3.4.0/aarch64-linux -I/usr/local/include/ruby-3.4.0/ruby/backward -I/usr/local/include/ruby-3.4.0 -I.    -mbranch-protection=pac-ret -fstack-protector-strong -U_FORTIFY_SOURCE -D_FORTIFY_SOURCE=2  -O3 -fno-fast-math -ggdb3 -Wall -Wextra -Wdeprecated-declarations -Wdiv-by-zero -Wduplicated-cond -Wimplicit-function-declaration -Wimplicit-int -Wpointer-arith -Wwrite-strings -Wold-style-definition -Wimplicit-fallthrough=0 -Wmissing-noreturn -Wno-cast-function-type -Wno-constant-logical-operand -Wno-long-long -Wno-missing-field-initializers -Wno-overlength-strings -Wno-packed-bitfield-compat -Wno-parentheses-equality -Wno-self-assign -Wno-tautological-compare -Wno-unused-parameter -Wno-unused-value -Wsuggest-attribute=format -Wsuggest-attribute=noreturn -Wunused-variable -Wmisleading-indentation -Wundef  -fPIC conftest.c -L. -L/usr/local/lib -Wl,-rpath,/usr/local/lib -L. -fstack-protector-strong -rdynamic -Wl,-export-dynamic -Wl,--no-as-needed -lbrotlicommon    -Wl,-rpath,/usr/local/lib -L/usr/local/lib -lruby  -lm -lpthread  -lc"
checked program was:
/* begin */
1: #include "ruby.h"
2: 
3: int main(int argc, char **argv)
4: {
5:   return !!argv[argc];
6: }
/* end */

LD_LIBRARY_PATH=.:/usr/local/lib ASAN_OPTIONS=detect_leaks=0 pkg-config --cflags-only-I libbrotlicommon |
=> "\n"
LD_LIBRARY_PATH=.:/usr/local/lib ASAN_OPTIONS=detect_leaks=0 pkg-config --cflags-only-other libbrotlicommon |
=> "\n"
LD_LIBRARY_PATH=.:/usr/local/lib ASAN_OPTIONS=detect_leaks=0 pkg-config --libs-only-l libbrotlicommon |
=> "-lbrotlicommon \n"
package configuration for libbrotlicommon
incflags: 
cflags: 
ldflags: 
libs: -lbrotlicommon

--------------------

pkg_config: checking for pkg-config for libbrotlidec... -------------------- [" ", "", "-lbrotlidec"]

LD_LIBRARY_PATH=.:/usr/local/lib ASAN_OPTIONS=detect_leaks=0 pkg-config --exists libbrotlidec
LD_LIBRARY_PATH=.:/usr/local/lib ASAN_OPTIONS=detect_leaks=0 pkg-config --libs libbrotlidec |
=> "-lbrotlidec \n"
LD_LIBRARY_PATH=.:/usr/local/lib ASAN_OPTIONS=detect_leaks=0 "gcc -o conftest -I/usr/local/include/ruby-3.4.0/aarch64-linux -I/usr/local/include/ruby-3.4.0/ruby/backward -I/usr/local/include/ruby-3.4.0 -I.     -mbranch-protection=pac-ret -fstack-protector-strong -U_FORTIFY_SOURCE -D_FORTIFY_SOURCE=2  -O3 -fno-fast-math -ggdb3 -Wall -Wextra -Wdeprecated-declarations -Wdiv-by-zero -Wduplicated-cond -Wimplicit-function-declaration -Wimplicit-int -Wpointer-arith -Wwrite-strings -Wold-style-definition -Wimplicit-fallthrough=0 -Wmissing-noreturn -Wno-cast-function-type -Wno-constant-logical-operand -Wno-long-long -Wno-missing-field-initializers -Wno-overlength-strings -Wno-packed-bitfield-compat -Wno-parentheses-equality -Wno-self-assign -Wno-tautological-compare -Wno-unused-parameter -Wno-unused-value -Wsuggest-attribute=format -Wsuggest-attribute=noreturn -Wunused-variable -Wmisleading-indentation -Wundef  -fPIC  conftest.c -L. -L/usr/local/lib -Wl,-rpath,/usr/local/lib -L. -fstack-protector-strong -rdynamic -Wl,-export-dynamic -Wl,--no-as-needed  -lbrotlidec    -lbrotlicommon -Wl,-rpath,/usr/local/lib -L/usr/local/lib -lruby  -lm -lpthread  -lc"
checked program was:
/* begin */
1: #include "ruby.h"
2: 
3: int main(int argc, char **argv)
4: {
5:   return !!argv[argc];
6: }
/* end */

LD_LIBRARY_PATH=.:/usr/local/lib ASAN_OPTIONS=detect_leaks=0 pkg-config --cflags-only-I libbrotlidec |
=> "\n"
LD_LIBRARY_PATH=.:/usr/local/lib ASAN_OPTIONS=detect_leaks=0 pkg-config --cflags-only-other libbrotlidec |
=> "\n"
LD_LIBRARY_PATH=.:/usr/local/lib ASAN_OPTIONS=detect_leaks=0 pkg-config --libs-only-l libbrotlidec |
=> "-lbrotlidec \n"
package configuration for libbrotlidec
incflags: 
cflags: 
ldflags: 
libs: -lbrotlidec

--------------------

pkg_config: checking for pkg-config for libbrotlienc... -------------------- [" ", "", "-lbrotlienc"]

LD_LIBRARY_PATH=.:/usr/local/lib ASAN_OPTIONS=detect_leaks=0 pkg-config --exists libbrotlienc
LD_LIBRARY_PATH=.:/usr/local/lib ASAN_OPTIONS=detect_leaks=0 pkg-config --libs libbrotlienc |
=> "-lbrotlienc \n"
LD_LIBRARY_PATH=.:/usr/local/lib ASAN_OPTIONS=detect_leaks=0 "gcc -o conftest -I/usr/local/include/ruby-3.4.0/aarch64-linux -I/usr/local/include/ruby-3.4.0/ruby/backward -I/usr/local/include/ruby-3.4.0 -I.      -mbranch-protection=pac-ret -fstack-protector-strong -U_FORTIFY_SOURCE -D_FORTIFY_SOURCE=2  -O3 -fno-fast-math -ggdb3 -Wall -Wextra -Wdeprecated-declarations -Wdiv-by-zero -Wduplicated-cond -Wimplicit-function-declaration -Wimplicit-int -Wpointer-arith -Wwrite-strings -Wold-style-definition -Wimplicit-fallthrough=0 -Wmissing-noreturn -Wno-cast-function-type -Wno-constant-logical-operand -Wno-long-long -Wno-missing-field-initializers -Wno-overlength-strings -Wno-packed-bitfield-compat -Wno-parentheses-equality -Wno-self-assign -Wno-tautological-compare -Wno-unused-parameter -Wno-unused-value -Wsuggest-attribute=format -Wsuggest-attribute=noreturn -Wunused-variable -Wmisleading-indentation -Wundef  -fPIC   conftest.c -L. -L/usr/local/lib -Wl,-rpath,/usr/local/lib -L. -fstack-protector-strong -rdynamic -Wl,-export-dynamic -Wl,--no-as-needed   -lbrotlienc    -lbrotlicommon -lbrotlidec -Wl,-rpath,/usr/local/lib -L/usr/local/lib -lruby  -lm -lpthread  -lc"
checked program was:
/* begin */
1: #include "ruby.h"
2: 
3: int main(int argc, char **argv)
4: {
5:   return !!argv[argc];
6: }
/* end */

LD_LIBRARY_PATH=.:/usr/local/lib ASAN_OPTIONS=detect_leaks=0 pkg-config --cflags-only-I libbrotlienc |
=> "\n"
LD_LIBRARY_PATH=.:/usr/local/lib ASAN_OPTIONS=detect_leaks=0 pkg-config --cflags-only-other libbrotlienc |
=> "\n"
LD_LIBRARY_PATH=.:/usr/local/lib ASAN_OPTIONS=detect_leaks=0 pkg-config --libs-only-l libbrotlienc |
=> "-lbrotlienc \n"
package configuration for libbrotlienc
incflags: 
cflags: 
ldflags: 
libs: -lbrotlienc

--------------------

have_header: checking for brotli/shared_dictionary.h... -------------------- yes

LD_LIBRARY_PATH=.:/usr/local/lib ASAN_OPTIONS=detect_leaks=0 "gcc -I/usr/local/include/ruby-3.4.0/aarch64-linux -I/usr/local/include/ruby-3.4.0/ruby/backward -I/usr/local/include/ruby-3.4.0 -I.       -mbranch-protection=pac-ret -fstack-protector-strong -U_FORTIFY_SOURCE -D_FORTIFY_SOURCE=2  -O3 -fno-fast-math -ggdb3 -Wall -Wextra -Wdeprecated-declarations -Wdiv-by-zero -Wduplicated-cond -Wimplicit-function-declaration -Wimplicit-int -Wpointer-arith -Wwrite-strings -Wold-style-definition -Wimplicit-fallthrough=0 -Wmissing-noreturn -Wno-cast-function-type -Wno-constant-logical-operand -Wno-long-long -Wno-missing-field-initializers -Wno-overlength-strings -Wno-packed-bitfield-compat -Wno-parentheses-equality -Wno-self-assign -Wno-tautological-compare -Wno-unused-parameter -Wno-unused-value -Wsuggest-attribute=format -Wsuggest-attribute=noreturn -Wunused-variable -Wmisleading-indentation -Wundef  -fPIC      -c conftest.c"
checked program was:
/* begin */
1: #include "ruby.h"
2: 
3: #include <brotli/shared_dictionary.h>
/* end */

--------------------

have_func: checking for BrotliEncoderPrepareDictionary() in brotli/encode.h... -------------------- yes

LD_LIBRARY_PATH=.:/usr/local/lib ASAN_OPTIONS=detect_leaks=0 "gcc -o conftest -I/usr/local/include/ruby-3.4.0/aarch64-linux -I/usr/local/include/ruby-3.4.0/ruby/backward -I/usr/local/include/ruby-3.4.0 -I.       -mbranch-protection=pac-ret -fstack-protector-strong -U_FORTIFY_SOURCE -D_FORTIFY_SOURCE=2  -O3 -fno-fast-math -ggdb3 -Wall -Wextra -Wdeprecated-declarations -Wdiv-by-zero -Wduplicated-cond -Wimplicit-function-declaration -Wimplicit-int -Wpointer-arith -Wwrite-strings -Wold-style-definition -Wimplicit-fallthrough=0 -Wmissing-noreturn -Wno-cast-function-type -Wno-constant-logical-operand -Wno-long-long -Wno-missing-field-initializers -Wno-overlength-strings -Wno-packed-bitfield-compat -Wno-parentheses-equality -Wno-self-assign -Wno-tautological-compare -Wno-unused-parameter -Wno-unused-value -Wsuggest-attribute=format -Wsuggest-attribute=noreturn -Wunused-variable -Wmisleading-indentation -Wundef  -fPIC    conftest.c -L. -L/usr/local/lib -Wl,-rpath,/usr/local/lib -L. -fstack-protector-strong -rdynamic -Wl,-export-dynamic -Wl,--no-as-needed        -lbrotlicommon -lbrotlidec -lbrotlienc -Wl,-rpath,/usr/local/lib -L/usr/local/lib -lruby  -lbrotlicommon -lbrotlidec -lbrotlienc -lm -lpthread  -lc"
checked program was:
/* begin */
 1: #include "ruby.h"
 2: 
 3: #include <brotli/encode.h>
 4: 
 5: /*top*/
 6: extern int t(void);
 7: int main(int argc, char **argv)
 8: {
 9:   if (argc > 1000000) {
10:     int (* volatile tp)(void)=(int (*)(void))&t;
11:     printf("%d", (*tp)());
12:   }
13: 
14:   return !!argv[argc];
15: }
16: int t(void) { void ((*volatile p)()); p = (void ((*)()))BrotliEncoderPrepareDictionary; return !p; }
/* end */

--------------------

have_func: checking for BrotliEncoderAttachPreparedDictionary() in brotli/encode.h... -------------------- yes

LD_LIBRARY_PATH=.:/usr/local/lib ASAN_OPTIONS=detect_leaks=0 "gcc -o conftest -I/usr/local/include/ruby-3.4.0/aarch64-linux -I/usr/local/include/ruby-3.4.0/ruby/backward -I/usr/local/include/ruby-3.4.0 -I.       -mbranch-protection=pac-ret -fstack-protector-strong -U_FORTIFY_SOURCE -D_FORTIFY_SOURCE=2  -O3 -fno-fast-math -ggdb3 -Wall -Wextra -Wdeprecated-declarations -Wdiv-by-zero -Wduplicated-cond -Wimplicit-function-declaration -Wimplicit-int -Wpointer-arith -Wwrite-strings -Wold-style-definition -Wimplicit-fallthrough=0 -Wmissing-noreturn -Wno-cast-function-type -Wno-constant-logical-operand -Wno-long-long -Wno-missing-field-initializers -Wno-overlength-strings -Wno-packed-bitfield-compat -Wno-parentheses-equality -Wno-self-assign -Wno-tautological-compare -Wno-unused-parameter -Wno-unused-value -Wsuggest-attribute=format -Wsuggest-attribute=noreturn -Wunused-variable -Wmisleading-indentation -Wundef  -fPIC    conftest.c -L. -L/usr/local/lib -Wl,-rpath,/usr/local/lib -L. -fstack-protector-strong -rdynamic -Wl,-export-dynamic -Wl,--no-as-needed        -lbrotlicommon -lbrotlidec -lbrotlienc -Wl,-rpath,/usr/local/lib -L/usr/local/lib -lruby  -lbrotlicommon -lbrotlidec -lbrotlienc -lm -lpthread  -lc"
checked program was:
/* begin */
 1: #include "ruby.h"
 2: 
 3: #include <brotli/encode.h>
 4: 
 5: /*top*/
 6: extern int t(void);
 7: int main(int argc, char **argv)
 8: {
 9:   if (argc > 1000000) {
10:     int (* volatile tp)(void)=(int (*)(void))&t;
11:     printf("%d", (*tp)());
12:   }
13: 
14:   return !!argv[argc];
15: }
16: int t(void) { void ((*volatile p)()); p = (void ((*)()))BrotliEncoderAttachPreparedDictionary; return !p; }
/* end */

--------------------

have_func: checking for BrotliDecoderAttachDictionary() in brotli/decode.h... -------------------- yes

LD_LIBRARY_PATH=.:/usr/local/lib ASAN_OPTIONS=detect_leaks=0 "gcc -o conftest -I/usr/local/include/ruby-3.4.0/aarch64-linux -I/usr/local/include/ruby-3.4.0/ruby/backward -I/usr/local/include/ruby-3.4.0 -I.       -mbranch-protection=pac-ret -fstack-protector-strong -U_FORTIFY_SOURCE -D_FORTIFY_SOURCE=2  -O3 -fno-fast-math -ggdb3 -Wall -Wextra -Wdeprecated-declarations -Wdiv-by-zero -Wduplicated-cond -Wimplicit-function-declaration -Wimplicit-int -Wpointer-arith -Wwrite-strings -Wold-style-definition -Wimplicit-fallthrough=0 -Wmissing-noreturn -Wno-cast-function-type -Wno-constant-logical-operand -Wno-long-long -Wno-missing-field-initializers -Wno-overlength-strings -Wno-packed-bitfield-compat -Wno-parentheses-equality -Wno-self-assign -Wno-tautological-compare -Wno-unused-parameter -Wno-unused-value -Wsuggest-attribute=format -Wsuggest-attribute=noreturn -Wunused-variable -Wmisleading-indentation -Wundef  -fPIC    conftest.c -L. -L/usr/local/lib -Wl,-rpath,/usr/local/lib -L. -fstack-protector-strong -rdynamic -Wl,-export-dynamic -Wl,--no-as-needed        -lbrotlicommon -lbrotlidec -lbrotlienc -Wl,-rpath,/usr/local/lib -L/usr/local/lib -lruby  -lbrotlicommon -lbrotlidec -lbrotlienc -lm -lpthread  -lc"
checked program was:
/* begin */
 1: #include "ruby.h"
 2: 
 3: #include <brotli/decode.h>
 4: 
 5: /*top*/
 6: extern int t(void);
 7: int main(int argc, char **argv)
 8: {
 9:   if (argc > 1000000) {
10:     int (* volatile tp)(void)=(int (*)(void))&t;
11:     printf("%d", (*tp)());
12:   }
13: 
14:   return !!argv[argc];
15: }
16: int t(void) { void ((*volatile p)()); p = (void ((*)()))BrotliDecoderAttachDictionary; return !p; }
/* end */

--------------------

